// Jest Snapshot v1, https://goo.gl/fbAQLP

exports[`ChoiceTile it renders with appropriate props 1`] = `
<label
  className="hxChoice undefined"
  htmlFor="tiles-id"
>
  <input
    checked={false}
    disabled={true}
    invalid="false"
    name="channelType"
    onChange={[Function]}
    type="radio"
    value="value_1"
  />
  <hx-tile
    class="hxMd"
  >
    <hx-icon
      type="checkmark"
    />
    
    <header>
      option-1
    </header>
    <header
      className="hxSubdued"
    >
      <i>
        <small>
          First Choice SubHeader
        </small>
      </i>
    </header>
    <p
      className="channelType-section-desc"
    >
      First Choice Description
    </p>
  </hx-tile>
</label>
`;
