// Jest Snapshot v1, https://goo.gl/fbAQLP

exports[`Dropdown it renders with appropriate props 1`] = `
<div
  className="Dropdown"
>
  <hx-select-control>
    <select
      id="dropdown-id"
      onChange={[MockFunction]}
    >
      <option
        value="notSelected"
      >
        -- Please Select --
      </option>
      <option
        value="option-1"
      >
        First Choice
      </option>
      <option
        value="option-2"
      >
        Second Choice
      </option>
    </select>
    <hx-select />
    <label
      className={null}
      htmlFor="dropdown-id"
    >
      Dropdown Label
    </label>
  </hx-select-control>
  <div
    className="error"
  />
</div>
`;
