// Jest Snapshot v1, https://goo.gl/fbAQLP

exports[`Popover it renders correct props 1`] = `
<div
  className="popover"
>
  <div
    className="hxRow"
  >
    <div
      className="hxCol hxSpan-4"
    >
      <span
        className="InputField-label role"
      >
        Role
        :
      </span>
    </div>
    <div
      className="hxCol hxSpan-4 role"
    >
      Aviator
    </div>
    <div
      className="hxCol hxSpan-4"
    >
      <hx-disclosure
        aria-controls="default-id"
        class="hxBtn hxPrimary"
      >
        <hx-icon
          type="pencil"
        />
      </hx-disclosure>
      <hx-popover
        id="default-id"
        open={null}
        position="right-middle"
      >
        &lt;h1&gt;Popover Content&lt;/h1&gt;
      </hx-popover>
    </div>
  </div>
</div>
`;
