// Jest Snapshot v1, https://goo.gl/fbAQLP

exports[`AddressSection it renders 1`] = `
<div
  className="address-section"
>
  <div
    className="InputField"
  >
    <hx-text-control>
      <input
        autoComplete="on"
        className="hxTextCtrl"
        name="city"
        onBlur={[Function]}
        onChange={[Function]}
        onDragStart={[Function]}
        onDrop={[Function]}
        onFocus={[Function]}
        required={true}
        type="text"
        value=""
      />
      <label
        htmlFor="city"
      >
        <span
          className="InputField-label"
        >
          City
        </span>
      </label>
    </hx-text-control>
  </div>
  <div
    className="InputField"
  >
    <hx-text-control>
      <input
        autoComplete="on"
        className="hxTextCtrl"
        name="state"
        onBlur={[Function]}
        onChange={[Function]}
        onDragStart={[Function]}
        onDrop={[Function]}
        onFocus={[Function]}
        required={true}
        type="text"
        value=""
      />
      <label
        htmlFor="state"
      >
        <span
          className="InputField-label"
        >
          State
        </span>
      </label>
    </hx-text-control>
  </div>
  <div
    className="InputField"
  >
    <hx-text-control>
      <input
        autoComplete="on"
        className="hxTextCtrl"
        name="street"
        onBlur={[Function]}
        onChange={[Function]}
        onDragStart={[Function]}
        onDrop={[Function]}
        onFocus={[Function]}
        required={true}
        type="text"
        value=""
      />
      <label
        htmlFor="street"
      >
        <span
          className="InputField-label"
        >
          Street
        </span>
      </label>
    </hx-text-control>
  </div>
  <div
    className="InputField"
  >
    <hx-text-control>
      <input
        autoComplete="on"
        className="hxTextCtrl"
        name="zipcode"
        onBlur={[Function]}
        onChange={[Function]}
        onDragStart={[Function]}
        onDrop={[Function]}
        onFocus={[Function]}
        required={true}
        type="text"
        value=""
      />
      <label
        htmlFor="zipcode"
      >
        <span
          className="InputField-label"
        >
          Zipcode
        </span>
      </label>
    </hx-text-control>
  </div>
  <div
    className="InputField"
  >
    <hx-text-control>
      <input
        autoComplete="on"
        className="hxTextCtrl"
        name="country"
        onBlur={[Function]}
        onChange={[Function]}
        onDragStart={[Function]}
        onDrop={[Function]}
        onFocus={[Function]}
        required={true}
        type="text"
        value=""
      />
      <label
        htmlFor="country"
      >
        <span
          className="InputField-label"
        >
          Country
        </span>
      </label>
    </hx-text-control>
  </div>
</div>
`;
