// Jest Snapshot v1, https://goo.gl/fbAQLP

exports[`CustomerType it renders 1`] = `
<div
  className="CustomerType-section"
>
  <div
    className="hxRow"
  >
    <div
      className="hxCol hxSpan-6"
    >
      <hx-checkbox-control>
        <input
          checked={false}
          disabled={true}
          id="customer-type"
          onChange={[Function]}
          type="checkbox"
        />
        <label
          className="disallow-user-select"
          htmlFor="customer-type"
        >
          <hx-checkbox />
          Is this for an RBU customer?
        </label>
      </hx-checkbox-control>
    </div>
  </div>
</div>
`;
