// Jest Snapshot v1, https://goo.gl/fbAQLP

exports[`Product it renders 1`] = `
<div
  className="Input-section"
>
  <h2>
    Account Product
  </h2>
  <div
    className="popover"
  >
    <div
      className="hxRow"
    >
      <div
        className="hxCol hxSpan-3 hxOffset-1"
      >
        <span
          className="InputField-label hxRequired customer-info-header"
        >
          Product
          :
        </span>
      </div>
      <div
        className="hxCol hxSpan-4 product"
      >
        --
      </div>
      <div
        className="hxCol hxSpan-1 hxSpan-2-xs"
      >
        <hx-disclosure
          aria-controls="product-popover"
          class="hxBtn hxPrimary"
        >
          <hx-icon
            type="pencil"
          />
        </hx-disclosure>
        <hx-popover
          id="product-popover"
          position="right-middle"
        >
          <header>
            Choose Product
          </header>
          <hx-div>
            <hx-select-control>
              <select
                id="product-select-popover"
                onChange={[Function]}
              >
                <option
                  value="notSelected"
                >
                  -- Please Select --
                </option>
                <option
                  value="aws"
                >
                  Amazon Web Services
                </option>
                <option
                  value="managed_gcp"
                >
                  Google Cloud Platform
                </option>
                <option
                  value="azure"
                >
                  Azure
                </option>
                <option
                  value="managed_vmc"
                >
                  Virtual Managed Cloud
                </option>
                <option
                  value="rpc_v"
                >
                  VMware
                </option>
              </select>
              <hx-select />
              <label
                className="hxRequired"
                htmlFor="product-select-popover"
              >
                Select Product
              </label>
            </hx-select-control>
          </hx-div>
        </hx-popover>
      </div>
    </div>
  </div>
</div>
`;
