// Jest Snapshot v1, https://goo.gl/fbAQLP

exports[`Product it renders 1`] = `
<div
  className="Input-section"
>
  <h2>
    Customer Information
  </h2>
  <div
    className="popover"
  >
    <div
      className="hxRow"
    >
      <div
        className="hxCol hxSpan-4 hxOffset-1"
      >
        <span
          className="InputField-label hxRequired customer-info-header"
        >
          Account Product
          :
        </span>
      </div>
      <div
        className="hxCol hxSpan-3 product"
      >
        None
      </div>
      <div
        className="hxCol hxSpan-1"
      >
        <hx-disclosure
          aria-controls="product-popover"
          class="hxBtn hxPrimary"
        >
          <hx-icon
            type="pencil"
          />
        </hx-disclosure>
        <hx-popover
          id="product-popover"
          position="right-middle"
        >
          <header>
            Choose Product
          </header>
          <hx-div>
            <hx-select-control>
              <select
                id="product-select-popover"
                onChange={[Function]}
              >
                <option
                  value="none"
                >
                  -- Please Select --
                </option>
                <option
                  value="aviator"
                >
                  Aviator
                </option>
                <option
                  value="navigator"
                >
                  Navigator
                </option>
                <option
                  value="serviceBlocks"
                >
                  Service Blocks
                </option>
              </select>
              <hx-select />
              <label
                htmlFor="product-select-popover"
              >
                Select Product
              </label>
            </hx-select-control>
          </hx-div>
        </hx-popover>
      </div>
    </div>
  </div>
</div>
`;
