// Jest Snapshot v1, https://goo.gl/fbAQLP

exports[`Radio renders with appropriate props 1`] = `
<div
  className="radio-options"
>
  <hx-radio-control>
    <div
      className="radio-input"
    >
      <input
        checked={false}
        id="option-1"
        name="radio-buttons"
        onBlur={[Function]}
        onChange={[Function]}
        onDragStart={[Function]}
        onDrop={[Function]}
        onFocus={[Function]}
        type="radio"
        value="first-option"
      />
      <label
        htmlFor="option-1"
      >
        First Option
      </label>
    </div>
  </hx-radio-control>
  <hx-radio-control>
    <div
      className="radio-input"
    >
      <input
        checked={false}
        id="option-2"
        name="radio-buttons"
        onBlur={[Function]}
        onChange={[Function]}
        onDragStart={[Function]}
        onDrop={[Function]}
        onFocus={[Function]}
        type="radio"
        value="second-option"
      />
      <label
        htmlFor="option-2"
      >
        Second Option
      </label>
    </div>
  </hx-radio-control>
</div>
`;
