// Jest Snapshot v1, https://goo.gl/fbAQLP

exports[`Product it renders 1`] = `
<div
  className="hxRow channelType-section"
>
  <div
    className="hxCol hxSpan-12"
  >
    <label
      className="hxRequired"
      htmlFor="vmc-channeltype-select"
    >
      <span
        className="InputField-label"
      >
        Select VMware Cloud on AWS Transaction Type
      </span>
    </label>
    <div
      className="hxRow"
    >
      <label
        className="hxChoice hxCol hxSpan-4-xs"
      >
        <input
          checked={false}
          name="channelType"
          onChange={[Function]}
          type="radio"
          value="Insight"
        />
        <hx-tile
          class="hxMd"
        >
          <hx-icon
            type="checkmark"
          />
          <header>
            Standard
          </header>
          <header
            className="hxSubdued"
          >
            <small>
              (Rackspace/ VMware Originated)
            </small>
          </header>
          <p>
            Choose this option if the customer was originated by Rackspace or VMware and IS NOT a Public Sector/State, Local, and Education (SLED) customer.
          </p>
        </hx-tile>
      </label>
      <label
        className="hxChoice hxCol hxSpan-4-xs"
      >
        <input
          checked={false}
          name="channelType"
          onChange={[Function]}
          type="radio"
          value="Carahsoft"
        />
        <hx-tile
          class="hxMd"
        >
          <hx-icon
            type="checkmark"
          />
          <header>
            Public Sector
          </header>
          <header
            className="hxSubdued"
          >
            <small>
              (Rackspace RGS/Carahsoft Originated)
            </small>
          </header>
          <p>
            Choose this option if the customer IS a Public Sector/State, Local, and Education (SLED) customer that needs to transact through RGS/Carahsoft.
          </p>
        </hx-tile>
      </label>
      <label
        className="hxChoice hxCol hxSpan-4-xs"
      >
        <input
          checked={true}
          name="channelType"
          onChange={[Function]}
          type="radio"
          value="AWS"
        />
        <hx-tile
          class="hxMd"
        >
          <hx-icon
            type="checkmark"
          />
          <header>
            AWS Originated
          </header>
          <header
            className="hxSubdued"
          >
            <small>
              
            </small>
          </header>
          <p>
            Choose this option if the customer originated from AWS or needs to transact VMC on AWS on AWS paper.
          </p>
        </hx-tile>
      </label>
    </div>
    <div
      className="error"
    />
    <div
      className="hxRow"
    >
      <span
        className="hxCol hxSpan-12"
      >
        <div
          className="hxSubBody"
        >
          <hx-icon
            type="info-circle"
          />
           
          Please be sure of your choice as this affects finance and compensation. If you are not sure please contact 
          <a
            href="mailto: vmware@rackspace.com"
            rel="noopener noreferrer"
            target="_blank"
          >
            vmware@rackspace.com
             
            <hx-icon
              type="envelope"
            />
          </a>
           for guidance.
        </div>
      </span>
    </div>
  </div>
</div>
`;
