// Jest Snapshot v1, https://goo.gl/fbAQLP

exports[`PasswordInput it renders with correct props 1`] = `
<div
  className="InputField"
>
  <hx-text-control
    class=""
  >
    <input
      autoComplete="new-password"
      className="hxTextCtrl"
      name="password"
      type="password"
    />
    <label
      htmlFor="password"
    >
      <span
        className="InputField-label"
      >
        Password
      </span>
       
    </label>
    <button
      className="hxBtn hxSuffix hxSecondary"
      disabled={false}
      onClick={[Function]}
      type="button"
    >
      Show
    </button>
  </hx-text-control>
</div>
`;
